
> @asciidoctor/opal-runtime@2.2.0 test Z:\code\github.com\AMDphreak\.forks\asciidoctor-opal-node-runtime
> mocha spec/*.spec.js



  Opal Node Runtime
    When loaded
      Γ£ö should export Opal object
      Γ£ö should preserve Function methods
    When pathname module is loaded
      Γ£ö should register Pathname methods
    When nodejs module is loaded
      1) should register Node.js specific implementations


  3 passing (17ms)
  1 failing

  1) Opal Node Runtime
       When nodejs module is loaded
         should register Node.js specific implementations:
     ReferenceError: __glob__ is not defined
      at file:///Z:/code/github.com/AMDphreak/.forks/asciidoctor-opal-node-runtime/src/nodejs.js:755:21
      at Opal.modules.nodejs/dir (file:///Z:/code/github.com/AMDphreak/.forks/asciidoctor-opal-node-runtime/src/nodejs.js:818:5)
      at Opal.load_normalized (file:///Z:/code/github.com/AMDphreak/.forks/asciidoctor-opal-node-runtime/src/opal.js:2732:20)
      at Opal.require (file:///Z:/code/github.com/AMDphreak/.forks/asciidoctor-opal-node-runtime/src/opal.js:2767:17)
      at klass.$$require (file:///Z:/code/github.com/AMDphreak/.forks/asciidoctor-opal-node-runtime/src/opal.js:5541:19)
      at Opal.modules.nodejs (file:///Z:/code/github.com/AMDphreak/.forks/asciidoctor-opal-node-runtime/src/nodejs.js:1712:8)
      at Opal.load_normalized (file:///Z:/code/github.com/AMDphreak/.forks/asciidoctor-opal-node-runtime/src/opal.js:2732:20)
      at Opal.load (file:///Z:/code/github.com/AMDphreak/.forks/asciidoctor-opal-node-runtime/src/opal.js:2757:17)
      at Context.<anonymous> (file:///Z:/code/github.com/AMDphreak/.forks/asciidoctor-opal-node-runtime/spec/main.spec.js:58:12)
      at process.processImmediate (node:internal/timers:504:21)



ΓÇëELIFECYCLEΓÇë Test failed. See above for more details.
